2026-06-17 00:56:55,784 | INFO | DiscoveryAgent | Discovery Agent Started
2026-06-17 00:56:55,785 | INFO | DiscoveryAgent | Discovered Logs: 3
2026-06-17 00:56:55,785 | INFO | PreValidationAgent | Pre Validation Started
2026-06-17 00:56:55,786 | INFO | PreValidationAgent | Validation Passed: True
2026-06-17 00:56:55,786 | INFO | AnalysisAgent | Analysis Agent Started
2026-06-17 19:35:15,067 | INFO | DiscoveryAgent | Discovery Agent Started
2026-06-17 19:35:15,067 | INFO | DiscoveryAgent | Discovered Logs: 3
2026-06-17 19:35:15,068 | INFO | PreValidationAgent | Pre Validation Started
2026-06-17 19:35:15,069 | INFO | PreValidationAgent | Validation Passed: True
2026-06-17 19:35:15,069 | INFO | AnalysisAgent | Analysis Agent Started
2026-06-17 19:57:16,308 | INFO | DiscoveryAgent | Discovery Agent Started
2026-06-17 19:57:16,308 | INFO | DiscoveryAgent | Discovered Logs: 3
2026-06-17 19:57:16,309 | INFO | PreValidationAgent | Pre Validation Started
2026-06-17 19:57:16,309 | INFO | PreValidationAgent | Validation Passed: True
2026-06-17 19:57:16,310 | INFO | AnalysisAgent | Analysis Agent Started
2026-06-17 20:07:29,538 | INFO | DiscoveryAgent | Discovery Agent Started
2026-06-17 20:07:29,539 | INFO | DiscoveryAgent | Discovered Logs: 3
2026-06-17 20:07:29,540 | INFO | PreValidationAgent | Pre Validation Started
2026-06-17 20:07:29,540 | INFO | PreValidationAgent | Validation Passed: True
2026-06-17 20:07:29,541 | INFO | AnalysisAgent | Analysis Agent Started
2026-06-17 20:07:49,601 | INFO | AnalysisAgent | Root Cause: Database Lock
2026-06-17 20:07:49,602 | INFO | DecisionAgent | Decision Agent Started
2026-06-17 20:07:49,602 | INFO | DecisionAgent | Action=unlock_database
2026-06-17 20:07:49,603 | INFO | ActionAgent | Action Agent Started
2026-06-17 20:07:49,603 | INFO | ActionAgent | Database unlocked successfully
2026-06-17 20:07:49,604 | INFO | PostValidationAgent | Post Validation Started
2026-06-17 20:07:49,612 | INFO | PostValidationAgent | Healing Successful = True
2026-06-17 20:07:49,621 | INFO | ReportingAgent | Reporting Agent Started
2026-06-17 21:43:31,113 | INFO | DiscoveryAgent | Discovery Agent Started
2026-06-17 21:43:31,113 | INFO | DiscoveryAgent | Discovered Logs: 4
2026-06-17 21:43:31,114 | INFO | PreValidationAgent | Pre Validation Started
2026-06-17 21:43:31,114 | INFO | PreValidationAgent | Validation Passed: True
2026-06-17 21:43:31,115 | INFO | AnalysisAgent | Analysis Agent Started
2026-06-17 21:43:51,524 | INFO | AnalysisAgent | Root Cause: Database Lock
2026-06-17 21:43:51,525 | INFO | DecisionAgent | Decision Agent Started
2026-06-17 21:43:51,525 | INFO | DecisionAgent | Action=unlock_database
2026-06-17 21:43:51,526 | INFO | ActionAgent | Action Agent Started
2026-06-17 21:43:51,526 | INFO | ActionAgent | Database unlocked successfully
2026-06-17 21:43:51,527 | INFO | PostValidationAgent | Post Validation Started
2026-06-17 21:43:51,533 | INFO | PostValidationAgent | Healing Successful = True
2026-06-17 21:43:51,534 | INFO | ReportingAgent | Reporting Agent Started
2026-06-17 21:48:19,542 | INFO | DiscoveryAgent | Discovery Agent Started
2026-06-17 21:48:19,543 | INFO | DiscoveryAgent | Discovered Logs: 4
2026-06-17 21:48:19,544 | INFO | PreValidationAgent | Pre Validation Started
2026-06-17 21:48:19,544 | INFO | PreValidationAgent | Validation Passed: True
2026-06-17 21:48:19,545 | INFO | AnalysisAgent | Analysis Agent Started
2026-06-17 21:48:38,894 | INFO | AnalysisAgent | Root Cause: Database Lock
2026-06-17 21:48:38,895 | INFO | DecisionAgent | Decision Agent Started
2026-06-17 21:48:38,895 | INFO | DecisionAgent | Action=unlock_database
2026-06-17 21:48:38,896 | INFO | ActionAgent | Action Agent Started
2026-06-17 21:48:38,896 | INFO | ActionAgent | Database unlocked successfully
2026-06-17 21:48:38,897 | INFO | PostValidationAgent | Post Validation Started
2026-06-17 21:48:38,906 | INFO | PostValidationAgent | Healing Successful = True
2026-06-17 21:48:38,907 | INFO | ReportingAgent | Reporting Agent Started
2026-06-17 21:49:03,412 | INFO | DiscoveryAgent | Discovery Agent Started
2026-06-17 21:49:03,413 | INFO | DiscoveryAgent | Discovered Logs: 4
2026-06-17 21:49:03,414 | INFO | PreValidationAgent | Pre Validation Started
2026-06-17 21:49:03,414 | INFO | PreValidationAgent | Validation Passed: True
2026-06-17 21:49:03,415 | INFO | AnalysisAgent | Analysis Agent Started
2026-06-17 21:49:22,361 | INFO | AnalysisAgent | Root Cause: Database Lock
2026-06-17 21:49:22,362 | INFO | DecisionAgent | Decision Agent Started
2026-06-17 21:49:22,362 | INFO | DecisionAgent | Action=unlock_database
2026-06-17 21:49:22,363 | INFO | ActionAgent | Action Agent Started
2026-06-17 21:49:22,363 | INFO | ActionAgent | Database unlocked successfully
2026-06-17 21:49:22,364 | INFO | PostValidationAgent | Post Validation Started
2026-06-17 21:49:22,369 | INFO | PostValidationAgent | Healing Successful = True
2026-06-17 21:49:22,370 | INFO | ReportingAgent | Reporting Agent Started
2026-06-17 22:21:48,580 | INFO | DiscoveryAgent | Discovery Agent Started
2026-06-17 22:21:48,581 | INFO | DiscoveryAgent | Discovered Logs: 4
2026-06-17 22:21:48,582 | INFO | PreValidationAgent | Pre Validation Started
2026-06-17 22:21:48,582 | INFO | PreValidationAgent | Validation Passed: True
2026-06-17 22:21:48,583 | INFO | AnalysisAgent | Analysis Agent Started
2026-06-17 22:22:07,609 | INFO | AnalysisAgent | Root Cause: Database Lock
2026-06-17 22:22:07,610 | INFO | DecisionAgent | Decision Agent Started
2026-06-17 22:22:07,610 | INFO | DecisionAgent | Action=unlock_database
2026-06-17 22:22:07,611 | INFO | ActionAgent | Action Agent Started
2026-06-17 22:22:07,611 | INFO | ActionAgent | Database unlocked successfully
2026-06-17 22:22:07,612 | INFO | PostValidationAgent | Post Validation Started
2026-06-17 22:22:07,620 | INFO | PostValidationAgent | Healing Successful = True
2026-06-17 22:22:07,621 | INFO | ReportingAgent | Reporting Agent Started
2026-06-17 22:34:53,755 | INFO | DiscoveryAgent | Discovery Agent Started
2026-06-17 22:34:53,755 | INFO | DiscoveryAgent | Discovered Logs: 4
2026-06-17 22:34:53,757 | INFO | PreValidationAgent | Pre Validation Started
2026-06-17 22:34:53,757 | INFO | PreValidationAgent | Validation Passed: True
2026-06-17 22:34:53,758 | INFO | AnalysisAgent | Analysis Agent Started
2026-06-17 22:35:13,153 | INFO | AnalysisAgent | Root Cause: Database Lock
2026-06-17 22:35:13,154 | INFO | DecisionAgent | Decision Agent Started
2026-06-17 22:35:13,154 | INFO | DecisionAgent | Action=unlock_database
2026-06-17 22:35:13,155 | INFO | ActionAgent | Action Agent Started
2026-06-17 22:35:13,155 | INFO | ActionAgent | Database unlocked successfully
2026-06-17 22:35:13,156 | INFO | PostValidationAgent | Post Validation Started
2026-06-17 22:35:13,161 | INFO | PostValidationAgent | Healing Successful = True
2026-06-17 22:35:13,162 | INFO | ReportingAgent | Reporting Agent Started
2026-06-17 22:39:04,131 | INFO | DiscoveryAgent | Discovery Agent Started
2026-06-17 22:39:04,132 | INFO | DiscoveryAgent | Discovered Logs: 4
2026-06-17 22:39:04,133 | INFO | PreValidationAgent | Pre Validation Started
2026-06-17 22:39:04,133 | INFO | PreValidationAgent | Validation Passed: True
2026-06-17 22:39:04,134 | INFO | AnalysisAgent | Analysis Agent Started
2026-06-17 22:39:23,486 | INFO | AnalysisAgent | Root Cause: Database Lock
2026-06-17 22:39:23,487 | INFO | DecisionAgent | Decision Agent Started
2026-06-17 22:39:23,487 | INFO | DecisionAgent | Action=unlock_database
2026-06-17 22:39:23,487 | INFO | ActionAgent | Action Agent Started
2026-06-17 22:39:23,488 | INFO | ActionAgent | Database unlocked successfully
2026-06-17 22:39:23,488 | INFO | PostValidationAgent | Post Validation Started
2026-06-17 22:39:23,494 | INFO | PostValidationAgent | Healing Successful = True
2026-06-17 22:39:23,495 | INFO | ReportingAgent | Reporting Agent Started
2026-06-17 22:45:46,593 | INFO | DiscoveryAgent | Discovery Agent Started
2026-06-17 22:45:46,593 | INFO | DiscoveryAgent | Discovered Logs: 4
2026-06-17 22:45:46,595 | INFO | PreValidationAgent | Pre Validation Started
2026-06-17 22:45:46,595 | INFO | PreValidationAgent | Validation Passed: True
2026-06-17 22:45:46,596 | INFO | AnalysisAgent | Analysis Agent Started
2026-06-17 22:46:06,375 | INFO | AnalysisAgent | Root Cause: Database Lock
2026-06-17 22:46:06,376 | INFO | DecisionAgent | Decision Agent Started
2026-06-17 22:46:06,377 | INFO | DecisionAgent | Action=unlock_database
2026-06-17 22:46:06,377 | INFO | ActionAgent | Action Agent Started
2026-06-17 22:46:06,377 | INFO | ActionAgent | Database unlocked successfully
2026-06-17 22:46:06,379 | INFO | PostValidationAgent | Post Validation Started
2026-06-17 22:46:06,385 | INFO | PostValidationAgent | Healing Successful = True
2026-06-17 22:46:06,386 | INFO | ReportingAgent | Reporting Agent Started
2026-06-17 22:58:54,731 | INFO | DiscoveryAgent | Discovery Agent Started
2026-06-17 22:58:54,732 | INFO | DiscoveryAgent | Discovered Logs: 4
2026-06-17 22:58:54,733 | INFO | PreValidationAgent | Pre Validation Started
2026-06-17 22:58:54,733 | INFO | PreValidationAgent | Validation Passed: True
2026-06-17 22:58:54,734 | INFO | AnalysisAgent | Analysis Agent Started
2026-06-17 22:59:14,357 | INFO | AnalysisAgent | Root Cause: Database Lock
2026-06-17 22:59:14,358 | INFO | DecisionAgent | Decision Agent Started
2026-06-17 22:59:14,359 | INFO | DecisionAgent | Action=unlock_database
2026-06-17 22:59:14,360 | INFO | ActionAgent | Action Agent Started
2026-06-17 22:59:14,360 | INFO | ActionAgent | Database unlocked successfully
2026-06-17 22:59:14,361 | INFO | PostValidationAgent | Post Validation Started
2026-06-17 22:59:14,370 | INFO | PostValidationAgent | Healing Successful = True
2026-06-17 22:59:14,372 | INFO | ReportingAgent | Reporting Agent Started
2026-06-17 23:07:00,950 | INFO | DiscoveryAgent | Discovery Agent Started
2026-06-17 23:07:00,951 | INFO | DiscoveryAgent | Discovered Logs: 4
2026-06-17 23:07:00,952 | INFO | PreValidationAgent | Pre Validation Started
2026-06-17 23:07:00,952 | INFO | PreValidationAgent | Validation Passed: True
2026-06-17 23:07:00,953 | INFO | AnalysisAgent | Analysis Agent Started
2026-06-17 23:07:20,842 | INFO | AnalysisAgent | Root Cause: Database Lock
2026-06-17 23:07:20,843 | INFO | DecisionAgent | Decision Agent Started
2026-06-17 23:07:20,843 | INFO | DecisionAgent | Action=unlock_database
2026-06-17 23:07:20,844 | INFO | ActionAgent | Action Agent Started
2026-06-17 23:07:20,844 | INFO | ActionAgent | Database unlocked successfully
2026-06-17 23:07:20,845 | INFO | PostValidationAgent | Post Validation Started
2026-06-17 23:07:20,851 | INFO | PostValidationAgent | Healing Successful = True
2026-06-17 23:07:20,852 | INFO | ReportingAgent | Reporting Agent Started
2026-06-17 23:08:25,963 | INFO | DiscoveryAgent | Discovery Agent Started
2026-06-17 23:08:25,963 | INFO | DiscoveryAgent | Discovered Logs: 4
2026-06-17 23:08:25,965 | INFO | PreValidationAgent | Pre Validation Started
2026-06-17 23:08:25,965 | INFO | PreValidationAgent | Validation Passed: True
2026-06-17 23:08:25,966 | INFO | AnalysisAgent | Analysis Agent Started
2026-06-17 23:08:45,867 | INFO | AnalysisAgent | Root Cause: Database Lock
2026-06-17 23:08:45,868 | INFO | DecisionAgent | Decision Agent Started
2026-06-17 23:08:45,868 | INFO | DecisionAgent | Action=unlock_database
2026-06-17 23:08:45,869 | INFO | ActionAgent | Action Agent Started
2026-06-17 23:08:45,869 | INFO | ActionAgent | Database unlocked successfully
2026-06-17 23:08:45,870 | INFO | PostValidationAgent | Post Validation Started
2026-06-17 23:08:45,876 | INFO | PostValidationAgent | Healing Successful = True
2026-06-17 23:08:45,877 | INFO | ReportingAgent | Reporting Agent Started
